{
  "images" : [
    {
      "idiom" : "universal",
      "filename" : "goldentimelineArtboard 1.png",
      "scale" : "1x"
    }
  ],
  "info" : {
    "version" : 1,
    "author" : "xcode"
  }
}