{
  "images" : [
    {
      "idiom" : "universal",
<<<<<<< HEAD
      "filename" : "Way.jpg",
=======
      "filename" : "CampanileWay.jpg",
>>>>>>> e003f21da6b3fb614418f23f81431984d15d8024
      "scale" : "1x"
    },
    {
      "idiom" : "universal",
      "scale" : "2x"
    },
    {
      "idiom" : "universal",
      "scale" : "3x"
    }
  ],
  "info" : {
    "version" : 1,
    "author" : "xcode"
  }
}